// Jest Snapshot v1, https://goo.gl/fbAQLP

exports[`<CustomMessageForm /> should match snapshot 1`] = `undefined`;
