// Jest Snapshot v1, https://goo.gl/fbAQLP

exports[`<ManageContacts /> should match snapshot 1`] = `
ShallowWrapper {
  "length": 1,
  Symbol(enzyme.__root__): [Circular],
  Symbol(enzyme.__unrendered__): <ManageContacts
    loadedContacts={
      Array [
        Object {
          "contactName": "Amy",
          "contactNumber": "5756441355",
        },
        Object {
          "contactName": "Cindy",
          "contactNumber": "3035551234",
        },
      ]
    }
  />,
  Symbol(enzyme.__renderer__): Object {
    "batchedUpdates": [Function],
    "getNode": [Function],
    "render": [Function],
    "simulateEvent": [Function],
    "unmount": [Function],
  },
  Symbol(enzyme.__node__): Object {
    "instance": null,
    "key": null,
    "nodeType": "host",
    "props": Object {
      "children": Array [
        <h3
          className="section-title"
        >
          Manage Contacts
        </h3>,
        <section
          className="current-contacts"
        >
          <article
            className="all-contacts"
          >
            <article
              className="existing-contact-card"
            >
              <div>
                <h4
                  className="existing-contact-name"
                >
                  Amy
                </h4>
                <p
                  className="existing-contact-number"
                >
                  5756441355
                </p>
              </div>
              <button
                className="edit-contact-btn"
                onClick={[Function]}
              >
                Edit
              </button>
              <button
                className="remove-contact-btn"
                onClick={[Function]}
              >
                Remove
              </button>
            </article>
            <article
              className="existing-contact-card"
            >
              <div>
                <h4
                  className="existing-contact-name"
                >
                  Cindy
                </h4>
                <p
                  className="existing-contact-number"
                >
                  3035551234
                </p>
              </div>
              <button
                className="edit-contact-btn"
                onClick={[Function]}
              >
                Edit
              </button>
              <button
                className="remove-contact-btn"
                onClick={[Function]}
              >
                Remove
              </button>
            </article>
          </article>
        </section>,
        <section
          className="create-contact-form"
        >
          <h3
            className="title add"
          >
            Add Contacts
          </h3>
          <form>
            <input
              className="new-contact-name"
              name="contactName"
              onChange={[Function]}
              placeholder="Contact Name"
              type="text"
              value=""
            />
            <input
              className="new-contact-number"
              name="contactNumber"
              onChange={[Function]}
              placeholder="Phone Number"
              type="text"
              value=""
            />
            <button
              className="save-new-contact"
              onClick={[Function]}
            >
              Save Contact
            </button>
          </form>
        </section>,
      ],
      "className": "manage-contacts-section",
    },
    "ref": null,
    "rendered": Array [
      Object {
        "instance": null,
        "key": null,
        "nodeType": "host",
        "props": Object {
          "children": "Manage Contacts",
          "className": "section-title",
        },
        "ref": null,
        "rendered": "Manage Contacts",
        "type": "h3",
      },
      Object {
        "instance": null,
        "key": null,
        "nodeType": "host",
        "props": Object {
          "children": <article
            className="all-contacts"
          >
            <article
              className="existing-contact-card"
            >
              <div>
                <h4
                  className="existing-contact-name"
                >
                  Amy
                </h4>
                <p
                  className="existing-contact-number"
                >
                  5756441355
                </p>
              </div>
              <button
                className="edit-contact-btn"
                onClick={[Function]}
              >
                Edit
              </button>
              <button
                className="remove-contact-btn"
                onClick={[Function]}
              >
                Remove
              </button>
            </article>
            <article
              className="existing-contact-card"
            >
              <div>
                <h4
                  className="existing-contact-name"
                >
                  Cindy
                </h4>
                <p
                  className="existing-contact-number"
                >
                  3035551234
                </p>
              </div>
              <button
                className="edit-contact-btn"
                onClick={[Function]}
              >
                Edit
              </button>
              <button
                className="remove-contact-btn"
                onClick={[Function]}
              >
                Remove
              </button>
            </article>
          </article>,
          "className": "current-contacts",
        },
        "ref": null,
        "rendered": Object {
          "instance": null,
          "key": null,
          "nodeType": "host",
          "props": Object {
            "children": Array [
              <article
                className="existing-contact-card"
              >
                <div>
                  <h4
                    className="existing-contact-name"
                  >
                    Amy
                  </h4>
                  <p
                    className="existing-contact-number"
                  >
                    5756441355
                  </p>
                </div>
                <button
                  className="edit-contact-btn"
                  onClick={[Function]}
                >
                  Edit
                </button>
                <button
                  className="remove-contact-btn"
                  onClick={[Function]}
                >
                  Remove
                </button>
              </article>,
              <article
                className="existing-contact-card"
              >
                <div>
                  <h4
                    className="existing-contact-name"
                  >
                    Cindy
                  </h4>
                  <p
                    className="existing-contact-number"
                  >
                    3035551234
                  </p>
                </div>
                <button
                  className="edit-contact-btn"
                  onClick={[Function]}
                >
                  Edit
                </button>
                <button
                  className="remove-contact-btn"
                  onClick={[Function]}
                >
                  Remove
                </button>
              </article>,
            ],
            "className": "all-contacts",
          },
          "ref": null,
          "rendered": Array [
            Object {
              "instance": null,
              "key": "5756441355",
              "nodeType": "host",
              "props": Object {
                "children": Array [
                  <div>
                    <h4
                      className="existing-contact-name"
                    >
                      Amy
                    </h4>
                    <p
                      className="existing-contact-number"
                    >
                      5756441355
                    </p>
                  </div>,
                  <button
                    className="edit-contact-btn"
                    onClick={[Function]}
                  >
                    Edit
                  </button>,
                  <button
                    className="remove-contact-btn"
                    onClick={[Function]}
                  >
                    Remove
                  </button>,
                ],
                "className": "existing-contact-card",
              },
              "ref": null,
              "rendered": Array [
                Object {
                  "instance": null,
                  "key": null,
                  "nodeType": "host",
                  "props": Object {
                    "children": Array [
                      <h4
                        className="existing-contact-name"
                      >
                        Amy
                      </h4>,
                      <p
                        className="existing-contact-number"
                      >
                        5756441355
                      </p>,
                    ],
                  },
                  "ref": null,
                  "rendered": Array [
                    Object {
                      "instance": null,
                      "key": null,
                      "nodeType": "host",
                      "props": Object {
                        "children": "Amy",
                        "className": "existing-contact-name",
                      },
                      "ref": null,
                      "rendered": "Amy",
                      "type": "h4",
                    },
                    Object {
                      "instance": null,
                      "key": null,
                      "nodeType": "host",
                      "props": Object {
                        "children": "5756441355",
                        "className": "existing-contact-number",
                      },
                      "ref": null,
                      "rendered": "5756441355",
                      "type": "p",
                    },
                  ],
                  "type": "div",
                },
                Object {
                  "instance": null,
                  "key": null,
                  "nodeType": "host",
                  "props": Object {
                    "children": "Edit",
                    "className": "edit-contact-btn",
                    "onClick": [Function],
                  },
                  "ref": null,
                  "rendered": "Edit",
                  "type": "button",
                },
                Object {
                  "instance": null,
                  "key": null,
                  "nodeType": "host",
                  "props": Object {
                    "children": "Remove",
                    "className": "remove-contact-btn",
                    "onClick": [Function],
                  },
                  "ref": null,
                  "rendered": "Remove",
                  "type": "button",
                },
              ],
              "type": "article",
            },
            Object {
              "instance": null,
              "key": "3035551234",
              "nodeType": "host",
              "props": Object {
                "children": Array [
                  <div>
                    <h4
                      className="existing-contact-name"
                    >
                      Cindy
                    </h4>
                    <p
                      className="existing-contact-number"
                    >
                      3035551234
                    </p>
                  </div>,
                  <button
                    className="edit-contact-btn"
                    onClick={[Function]}
                  >
                    Edit
                  </button>,
                  <button
                    className="remove-contact-btn"
                    onClick={[Function]}
                  >
                    Remove
                  </button>,
                ],
                "className": "existing-contact-card",
              },
              "ref": null,
              "rendered": Array [
                Object {
                  "instance": null,
                  "key": null,
                  "nodeType": "host",
                  "props": Object {
                    "children": Array [
                      <h4
                        className="existing-contact-name"
                      >
                        Cindy
                      </h4>,
                      <p
                        className="existing-contact-number"
                      >
                        3035551234
                      </p>,
                    ],
                  },
                  "ref": null,
                  "rendered": Array [
                    Object {
                      "instance": null,
                      "key": null,
                      "nodeType": "host",
                      "props": Object {
                        "children": "Cindy",
                        "className": "existing-contact-name",
                      },
                      "ref": null,
                      "rendered": "Cindy",
                      "type": "h4",
                    },
                    Object {
                      "instance": null,
                      "key": null,
                      "nodeType": "host",
                      "props": Object {
                        "children": "3035551234",
                        "className": "existing-contact-number",
                      },
                      "ref": null,
                      "rendered": "3035551234",
                      "type": "p",
                    },
                  ],
                  "type": "div",
                },
                Object {
                  "instance": null,
                  "key": null,
                  "nodeType": "host",
                  "props": Object {
                    "children": "Edit",
                    "className": "edit-contact-btn",
                    "onClick": [Function],
                  },
                  "ref": null,
                  "rendered": "Edit",
                  "type": "button",
                },
                Object {
                  "instance": null,
                  "key": null,
                  "nodeType": "host",
                  "props": Object {
                    "children": "Remove",
                    "className": "remove-contact-btn",
                    "onClick": [Function],
                  },
                  "ref": null,
                  "rendered": "Remove",
                  "type": "button",
                },
              ],
              "type": "article",
            },
          ],
          "type": "article",
        },
        "type": "section",
      },
      Object {
        "instance": null,
        "key": null,
        "nodeType": "host",
        "props": Object {
          "children": Array [
            <h3
              className="title add"
            >
              Add Contacts
            </h3>,
            <form>
              <input
                className="new-contact-name"
                name="contactName"
                onChange={[Function]}
                placeholder="Contact Name"
                type="text"
                value=""
              />
              <input
                className="new-contact-number"
                name="contactNumber"
                onChange={[Function]}
                placeholder="Phone Number"
                type="text"
                value=""
              />
              <button
                className="save-new-contact"
                onClick={[Function]}
              >
                Save Contact
              </button>
            </form>,
          ],
          "className": "create-contact-form",
        },
        "ref": null,
        "rendered": Array [
          Object {
            "instance": null,
            "key": null,
            "nodeType": "host",
            "props": Object {
              "children": "Add Contacts",
              "className": "title add",
            },
            "ref": null,
            "rendered": "Add Contacts",
            "type": "h3",
          },
          Object {
            "instance": null,
            "key": null,
            "nodeType": "host",
            "props": Object {
              "children": Array [
                <input
                  className="new-contact-name"
                  name="contactName"
                  onChange={[Function]}
                  placeholder="Contact Name"
                  type="text"
                  value=""
                />,
                <input
                  className="new-contact-number"
                  name="contactNumber"
                  onChange={[Function]}
                  placeholder="Phone Number"
                  type="text"
                  value=""
                />,
                <button
                  className="save-new-contact"
                  onClick={[Function]}
                >
                  Save Contact
                </button>,
              ],
            },
            "ref": null,
            "rendered": Array [
              Object {
                "instance": null,
                "key": null,
                "nodeType": "host",
                "props": Object {
                  "className": "new-contact-name",
                  "name": "contactName",
                  "onChange": [Function],
                  "placeholder": "Contact Name",
                  "type": "text",
                  "value": "",
                },
                "ref": null,
                "rendered": null,
                "type": "input",
              },
              Object {
                "instance": null,
                "key": null,
                "nodeType": "host",
                "props": Object {
                  "className": "new-contact-number",
                  "name": "contactNumber",
                  "onChange": [Function],
                  "placeholder": "Phone Number",
                  "type": "text",
                  "value": "",
                },
                "ref": null,
                "rendered": null,
                "type": "input",
              },
              Object {
                "instance": null,
                "key": null,
                "nodeType": "host",
                "props": Object {
                  "children": "Save Contact",
                  "className": "save-new-contact",
                  "onClick": [Function],
                },
                "ref": null,
                "rendered": "Save Contact",
                "type": "button",
              },
            ],
            "type": "form",
          },
        ],
        "type": "section",
      },
    ],
    "type": "div",
  },
  Symbol(enzyme.__nodes__): Array [
    Object {
      "instance": null,
      "key": null,
      "nodeType": "host",
      "props": Object {
        "children": Array [
          <h3
            className="section-title"
          >
            Manage Contacts
          </h3>,
          <section
            className="current-contacts"
          >
            <article
              className="all-contacts"
            >
              <article
                className="existing-contact-card"
              >
                <div>
                  <h4
                    className="existing-contact-name"
                  >
                    Amy
                  </h4>
                  <p
                    className="existing-contact-number"
                  >
                    5756441355
                  </p>
                </div>
                <button
                  className="edit-contact-btn"
                  onClick={[Function]}
                >
                  Edit
                </button>
                <button
                  className="remove-contact-btn"
                  onClick={[Function]}
                >
                  Remove
                </button>
              </article>
              <article
                className="existing-contact-card"
              >
                <div>
                  <h4
                    className="existing-contact-name"
                  >
                    Cindy
                  </h4>
                  <p
                    className="existing-contact-number"
                  >
                    3035551234
                  </p>
                </div>
                <button
                  className="edit-contact-btn"
                  onClick={[Function]}
                >
                  Edit
                </button>
                <button
                  className="remove-contact-btn"
                  onClick={[Function]}
                >
                  Remove
                </button>
              </article>
            </article>
          </section>,
          <section
            className="create-contact-form"
          >
            <h3
              className="title add"
            >
              Add Contacts
            </h3>
            <form>
              <input
                className="new-contact-name"
                name="contactName"
                onChange={[Function]}
                placeholder="Contact Name"
                type="text"
                value=""
              />
              <input
                className="new-contact-number"
                name="contactNumber"
                onChange={[Function]}
                placeholder="Phone Number"
                type="text"
                value=""
              />
              <button
                className="save-new-contact"
                onClick={[Function]}
              >
                Save Contact
              </button>
            </form>
          </section>,
        ],
        "className": "manage-contacts-section",
      },
      "ref": null,
      "rendered": Array [
        Object {
          "instance": null,
          "key": null,
          "nodeType": "host",
          "props": Object {
            "children": "Manage Contacts",
            "className": "section-title",
          },
          "ref": null,
          "rendered": "Manage Contacts",
          "type": "h3",
        },
        Object {
          "instance": null,
          "key": null,
          "nodeType": "host",
          "props": Object {
            "children": <article
              className="all-contacts"
            >
              <article
                className="existing-contact-card"
              >
                <div>
                  <h4
                    className="existing-contact-name"
                  >
                    Amy
                  </h4>
                  <p
                    className="existing-contact-number"
                  >
                    5756441355
                  </p>
                </div>
                <button
                  className="edit-contact-btn"
                  onClick={[Function]}
                >
                  Edit
                </button>
                <button
                  className="remove-contact-btn"
                  onClick={[Function]}
                >
                  Remove
                </button>
              </article>
              <article
                className="existing-contact-card"
              >
                <div>
                  <h4
                    className="existing-contact-name"
                  >
                    Cindy
                  </h4>
                  <p
                    className="existing-contact-number"
                  >
                    3035551234
                  </p>
                </div>
                <button
                  className="edit-contact-btn"
                  onClick={[Function]}
                >
                  Edit
                </button>
                <button
                  className="remove-contact-btn"
                  onClick={[Function]}
                >
                  Remove
                </button>
              </article>
            </article>,
            "className": "current-contacts",
          },
          "ref": null,
          "rendered": Object {
            "instance": null,
            "key": null,
            "nodeType": "host",
            "props": Object {
              "children": Array [
                <article
                  className="existing-contact-card"
                >
                  <div>
                    <h4
                      className="existing-contact-name"
                    >
                      Amy
                    </h4>
                    <p
                      className="existing-contact-number"
                    >
                      5756441355
                    </p>
                  </div>
                  <button
                    className="edit-contact-btn"
                    onClick={[Function]}
                  >
                    Edit
                  </button>
                  <button
                    className="remove-contact-btn"
                    onClick={[Function]}
                  >
                    Remove
                  </button>
                </article>,
                <article
                  className="existing-contact-card"
                >
                  <div>
                    <h4
                      className="existing-contact-name"
                    >
                      Cindy
                    </h4>
                    <p
                      className="existing-contact-number"
                    >
                      3035551234
                    </p>
                  </div>
                  <button
                    className="edit-contact-btn"
                    onClick={[Function]}
                  >
                    Edit
                  </button>
                  <button
                    className="remove-contact-btn"
                    onClick={[Function]}
                  >
                    Remove
                  </button>
                </article>,
              ],
              "className": "all-contacts",
            },
            "ref": null,
            "rendered": Array [
              Object {
                "instance": null,
                "key": "5756441355",
                "nodeType": "host",
                "props": Object {
                  "children": Array [
                    <div>
                      <h4
                        className="existing-contact-name"
                      >
                        Amy
                      </h4>
                      <p
                        className="existing-contact-number"
                      >
                        5756441355
                      </p>
                    </div>,
                    <button
                      className="edit-contact-btn"
                      onClick={[Function]}
                    >
                      Edit
                    </button>,
                    <button
                      className="remove-contact-btn"
                      onClick={[Function]}
                    >
                      Remove
                    </button>,
                  ],
                  "className": "existing-contact-card",
                },
                "ref": null,
                "rendered": Array [
                  Object {
                    "instance": null,
                    "key": null,
                    "nodeType": "host",
                    "props": Object {
                      "children": Array [
                        <h4
                          className="existing-contact-name"
                        >
                          Amy
                        </h4>,
                        <p
                          className="existing-contact-number"
                        >
                          5756441355
                        </p>,
                      ],
                    },
                    "ref": null,
                    "rendered": Array [
                      Object {
                        "instance": null,
                        "key": null,
                        "nodeType": "host",
                        "props": Object {
                          "children": "Amy",
                          "className": "existing-contact-name",
                        },
                        "ref": null,
                        "rendered": "Amy",
                        "type": "h4",
                      },
                      Object {
                        "instance": null,
                        "key": null,
                        "nodeType": "host",
                        "props": Object {
                          "children": "5756441355",
                          "className": "existing-contact-number",
                        },
                        "ref": null,
                        "rendered": "5756441355",
                        "type": "p",
                      },
                    ],
                    "type": "div",
                  },
                  Object {
                    "instance": null,
                    "key": null,
                    "nodeType": "host",
                    "props": Object {
                      "children": "Edit",
                      "className": "edit-contact-btn",
                      "onClick": [Function],
                    },
                    "ref": null,
                    "rendered": "Edit",
                    "type": "button",
                  },
                  Object {
                    "instance": null,
                    "key": null,
                    "nodeType": "host",
                    "props": Object {
                      "children": "Remove",
                      "className": "remove-contact-btn",
                      "onClick": [Function],
                    },
                    "ref": null,
                    "rendered": "Remove",
                    "type": "button",
                  },
                ],
                "type": "article",
              },
              Object {
                "instance": null,
                "key": "3035551234",
                "nodeType": "host",
                "props": Object {
                  "children": Array [
                    <div>
                      <h4
                        className="existing-contact-name"
                      >
                        Cindy
                      </h4>
                      <p
                        className="existing-contact-number"
                      >
                        3035551234
                      </p>
                    </div>,
                    <button
                      className="edit-contact-btn"
                      onClick={[Function]}
                    >
                      Edit
                    </button>,
                    <button
                      className="remove-contact-btn"
                      onClick={[Function]}
                    >
                      Remove
                    </button>,
                  ],
                  "className": "existing-contact-card",
                },
                "ref": null,
                "rendered": Array [
                  Object {
                    "instance": null,
                    "key": null,
                    "nodeType": "host",
                    "props": Object {
                      "children": Array [
                        <h4
                          className="existing-contact-name"
                        >
                          Cindy
                        </h4>,
                        <p
                          className="existing-contact-number"
                        >
                          3035551234
                        </p>,
                      ],
                    },
                    "ref": null,
                    "rendered": Array [
                      Object {
                        "instance": null,
                        "key": null,
                        "nodeType": "host",
                        "props": Object {
                          "children": "Cindy",
                          "className": "existing-contact-name",
                        },
                        "ref": null,
                        "rendered": "Cindy",
                        "type": "h4",
                      },
                      Object {
                        "instance": null,
                        "key": null,
                        "nodeType": "host",
                        "props": Object {
                          "children": "3035551234",
                          "className": "existing-contact-number",
                        },
                        "ref": null,
                        "rendered": "3035551234",
                        "type": "p",
                      },
                    ],
                    "type": "div",
                  },
                  Object {
                    "instance": null,
                    "key": null,
                    "nodeType": "host",
                    "props": Object {
                      "children": "Edit",
                      "className": "edit-contact-btn",
                      "onClick": [Function],
                    },
                    "ref": null,
                    "rendered": "Edit",
                    "type": "button",
                  },
                  Object {
                    "instance": null,
                    "key": null,
                    "nodeType": "host",
                    "props": Object {
                      "children": "Remove",
                      "className": "remove-contact-btn",
                      "onClick": [Function],
                    },
                    "ref": null,
                    "rendered": "Remove",
                    "type": "button",
                  },
                ],
                "type": "article",
              },
            ],
            "type": "article",
          },
          "type": "section",
        },
        Object {
          "instance": null,
          "key": null,
          "nodeType": "host",
          "props": Object {
            "children": Array [
              <h3
                className="title add"
              >
                Add Contacts
              </h3>,
              <form>
                <input
                  className="new-contact-name"
                  name="contactName"
                  onChange={[Function]}
                  placeholder="Contact Name"
                  type="text"
                  value=""
                />
                <input
                  className="new-contact-number"
                  name="contactNumber"
                  onChange={[Function]}
                  placeholder="Phone Number"
                  type="text"
                  value=""
                />
                <button
                  className="save-new-contact"
                  onClick={[Function]}
                >
                  Save Contact
                </button>
              </form>,
            ],
            "className": "create-contact-form",
          },
          "ref": null,
          "rendered": Array [
            Object {
              "instance": null,
              "key": null,
              "nodeType": "host",
              "props": Object {
                "children": "Add Contacts",
                "className": "title add",
              },
              "ref": null,
              "rendered": "Add Contacts",
              "type": "h3",
            },
            Object {
              "instance": null,
              "key": null,
              "nodeType": "host",
              "props": Object {
                "children": Array [
                  <input
                    className="new-contact-name"
                    name="contactName"
                    onChange={[Function]}
                    placeholder="Contact Name"
                    type="text"
                    value=""
                  />,
                  <input
                    className="new-contact-number"
                    name="contactNumber"
                    onChange={[Function]}
                    placeholder="Phone Number"
                    type="text"
                    value=""
                  />,
                  <button
                    className="save-new-contact"
                    onClick={[Function]}
                  >
                    Save Contact
                  </button>,
                ],
              },
              "ref": null,
              "rendered": Array [
                Object {
                  "instance": null,
                  "key": null,
                  "nodeType": "host",
                  "props": Object {
                    "className": "new-contact-name",
                    "name": "contactName",
                    "onChange": [Function],
                    "placeholder": "Contact Name",
                    "type": "text",
                    "value": "",
                  },
                  "ref": null,
                  "rendered": null,
                  "type": "input",
                },
                Object {
                  "instance": null,
                  "key": null,
                  "nodeType": "host",
                  "props": Object {
                    "className": "new-contact-number",
                    "name": "contactNumber",
                    "onChange": [Function],
                    "placeholder": "Phone Number",
                    "type": "text",
                    "value": "",
                  },
                  "ref": null,
                  "rendered": null,
                  "type": "input",
                },
                Object {
                  "instance": null,
                  "key": null,
                  "nodeType": "host",
                  "props": Object {
                    "children": "Save Contact",
                    "className": "save-new-contact",
                    "onClick": [Function],
                  },
                  "ref": null,
                  "rendered": "Save Contact",
                  "type": "button",
                },
              ],
              "type": "form",
            },
          ],
          "type": "section",
        },
      ],
      "type": "div",
    },
  ],
  Symbol(enzyme.__options__): Object {
    "adapter": ReactSixteenAdapter {
      "options": Object {
        "enableComponentDidUpdateOnSetState": true,
      },
    },
  },
}
`;
