// Jest Snapshot v1, https://goo.gl/fbAQLP

exports[`<Authentication /> should match snapshot 1`] = `undefined`;
