// Jest Snapshot v1, https://goo.gl/fbAQLP

exports[`<Main /> should match snapshot 1`] = `
ShallowWrapper {
  "length": 1,
  Symbol(enzyme.__root__): [Circular],
  Symbol(enzyme.__unrendered__): <Main
    loadedContacts={Array []}
  />,
  Symbol(enzyme.__renderer__): Object {
    "batchedUpdates": [Function],
    "getNode": [Function],
    "render": [Function],
    "simulateEvent": [Function],
    "unmount": [Function],
  },
  Symbol(enzyme.__node__): Object {
    "instance": null,
    "key": null,
    "nodeType": "host",
    "props": Object {
      "children": <main>
        <section
          className="emergency-section"
        >
          <h3
            className="emergency-title"
          >
            Emergency
          </h3>
          <button
            className="emergency-btn"
            onClick={[Function]}
          >
            TEXT 911
          </button>
        </section>
        <section
          className="hotline-section"
        >
          <h3
            className="hotline-title"
          >
            NDV Hotline
          </h3>
          <button
            className="hotline-btn"
          >
            Call Hotline
          </button>
        </section>
        <section
          className="contacts-section"
        >
          <h3
            className="section-title"
          >
            Contacts
          </h3>
          <article
            className="no-contacts-card"
          >
            <h4
              className="no-contacts-text"
            >
              You don't have any contacts saved yet!
            </h4>
            <button
              className="add-contacts-btn"
            >
              <Link
                className="add-contacts-link"
                replace={false}
                to="/contacts"
              >
                Add Contacts
              </Link>
            </button>
          </article>
        </section>
      </main>,
      "className": "main",
    },
    "ref": null,
    "rendered": Object {
      "instance": null,
      "key": null,
      "nodeType": "host",
      "props": Object {
        "children": Array [
          <section
            className="emergency-section"
          >
            <h3
              className="emergency-title"
            >
              Emergency
            </h3>
            <button
              className="emergency-btn"
              onClick={[Function]}
            >
              TEXT 911
            </button>
          </section>,
          <section
            className="hotline-section"
          >
            <h3
              className="hotline-title"
            >
              NDV Hotline
            </h3>
            <button
              className="hotline-btn"
            >
              Call Hotline
            </button>
          </section>,
          <section
            className="contacts-section"
          >
            <h3
              className="section-title"
            >
              Contacts
            </h3>
            <article
              className="no-contacts-card"
            >
              <h4
                className="no-contacts-text"
              >
                You don't have any contacts saved yet!
              </h4>
              <button
                className="add-contacts-btn"
              >
                <Link
                  className="add-contacts-link"
                  replace={false}
                  to="/contacts"
                >
                  Add Contacts
                </Link>
              </button>
            </article>
          </section>,
        ],
      },
      "ref": null,
      "rendered": Array [
        Object {
          "instance": null,
          "key": null,
          "nodeType": "host",
          "props": Object {
            "children": Array [
              <h3
                className="emergency-title"
              >
                Emergency
              </h3>,
              <button
                className="emergency-btn"
                onClick={[Function]}
              >
                TEXT 911
              </button>,
            ],
            "className": "emergency-section",
          },
          "ref": null,
          "rendered": Array [
            Object {
              "instance": null,
              "key": null,
              "nodeType": "host",
              "props": Object {
                "children": "Emergency",
                "className": "emergency-title",
              },
              "ref": null,
              "rendered": "Emergency",
              "type": "h3",
            },
            Object {
              "instance": null,
              "key": null,
              "nodeType": "host",
              "props": Object {
                "children": "TEXT 911",
                "className": "emergency-btn",
                "onClick": [Function],
              },
              "ref": null,
              "rendered": "TEXT 911",
              "type": "button",
            },
          ],
          "type": "section",
        },
        Object {
          "instance": null,
          "key": null,
          "nodeType": "host",
          "props": Object {
            "children": Array [
              <h3
                className="hotline-title"
              >
                NDV Hotline
              </h3>,
              <button
                className="hotline-btn"
              >
                Call Hotline
              </button>,
            ],
            "className": "hotline-section",
          },
          "ref": null,
          "rendered": Array [
            Object {
              "instance": null,
              "key": null,
              "nodeType": "host",
              "props": Object {
                "children": "NDV Hotline",
                "className": "hotline-title",
              },
              "ref": null,
              "rendered": "NDV Hotline",
              "type": "h3",
            },
            Object {
              "instance": null,
              "key": null,
              "nodeType": "host",
              "props": Object {
                "children": "Call Hotline",
                "className": "hotline-btn",
              },
              "ref": null,
              "rendered": "Call Hotline",
              "type": "button",
            },
          ],
          "type": "section",
        },
        Object {
          "instance": null,
          "key": null,
          "nodeType": "host",
          "props": Object {
            "children": Array [
              <h3
                className="section-title"
              >
                Contacts
              </h3>,
              Array [],
              <article
                className="no-contacts-card"
              >
                <h4
                  className="no-contacts-text"
                >
                  You don't have any contacts saved yet!
                </h4>
                <button
                  className="add-contacts-btn"
                >
                  <Link
                    className="add-contacts-link"
                    replace={false}
                    to="/contacts"
                  >
                    Add Contacts
                  </Link>
                </button>
              </article>,
            ],
            "className": "contacts-section",
          },
          "ref": null,
          "rendered": Array [
            Object {
              "instance": null,
              "key": null,
              "nodeType": "host",
              "props": Object {
                "children": "Contacts",
                "className": "section-title",
              },
              "ref": null,
              "rendered": "Contacts",
              "type": "h3",
            },
            Object {
              "instance": null,
              "key": null,
              "nodeType": "host",
              "props": Object {
                "children": Array [
                  <h4
                    className="no-contacts-text"
                  >
                    You don't have any contacts saved yet!
                  </h4>,
                  <button
                    className="add-contacts-btn"
                  >
                    <Link
                      className="add-contacts-link"
                      replace={false}
                      to="/contacts"
                    >
                      Add Contacts
                    </Link>
                  </button>,
                ],
                "className": "no-contacts-card",
              },
              "ref": null,
              "rendered": Array [
                Object {
                  "instance": null,
                  "key": null,
                  "nodeType": "host",
                  "props": Object {
                    "children": "You don't have any contacts saved yet!",
                    "className": "no-contacts-text",
                  },
                  "ref": null,
                  "rendered": "You don't have any contacts saved yet!",
                  "type": "h4",
                },
                Object {
                  "instance": null,
                  "key": null,
                  "nodeType": "host",
                  "props": Object {
                    "children": <Link
                      className="add-contacts-link"
                      replace={false}
                      to="/contacts"
                    >
                      Add Contacts
                    </Link>,
                    "className": "add-contacts-btn",
                  },
                  "ref": null,
                  "rendered": Object {
                    "instance": null,
                    "key": null,
                    "nodeType": "class",
                    "props": Object {
                      "children": "Add Contacts",
                      "className": "add-contacts-link",
                      "replace": false,
                      "to": "/contacts",
                    },
                    "ref": null,
                    "rendered": "Add Contacts",
                    "type": [Function],
                  },
                  "type": "button",
                },
              ],
              "type": "article",
            },
          ],
          "type": "section",
        },
      ],
      "type": "main",
    },
    "type": "div",
  },
  Symbol(enzyme.__nodes__): Array [
    Object {
      "instance": null,
      "key": null,
      "nodeType": "host",
      "props": Object {
        "children": <main>
          <section
            className="emergency-section"
          >
            <h3
              className="emergency-title"
            >
              Emergency
            </h3>
            <button
              className="emergency-btn"
              onClick={[Function]}
            >
              TEXT 911
            </button>
          </section>
          <section
            className="hotline-section"
          >
            <h3
              className="hotline-title"
            >
              NDV Hotline
            </h3>
            <button
              className="hotline-btn"
            >
              Call Hotline
            </button>
          </section>
          <section
            className="contacts-section"
          >
            <h3
              className="section-title"
            >
              Contacts
            </h3>
            <article
              className="no-contacts-card"
            >
              <h4
                className="no-contacts-text"
              >
                You don't have any contacts saved yet!
              </h4>
              <button
                className="add-contacts-btn"
              >
                <Link
                  className="add-contacts-link"
                  replace={false}
                  to="/contacts"
                >
                  Add Contacts
                </Link>
              </button>
            </article>
          </section>
        </main>,
        "className": "main",
      },
      "ref": null,
      "rendered": Object {
        "instance": null,
        "key": null,
        "nodeType": "host",
        "props": Object {
          "children": Array [
            <section
              className="emergency-section"
            >
              <h3
                className="emergency-title"
              >
                Emergency
              </h3>
              <button
                className="emergency-btn"
                onClick={[Function]}
              >
                TEXT 911
              </button>
            </section>,
            <section
              className="hotline-section"
            >
              <h3
                className="hotline-title"
              >
                NDV Hotline
              </h3>
              <button
                className="hotline-btn"
              >
                Call Hotline
              </button>
            </section>,
            <section
              className="contacts-section"
            >
              <h3
                className="section-title"
              >
                Contacts
              </h3>
              <article
                className="no-contacts-card"
              >
                <h4
                  className="no-contacts-text"
                >
                  You don't have any contacts saved yet!
                </h4>
                <button
                  className="add-contacts-btn"
                >
                  <Link
                    className="add-contacts-link"
                    replace={false}
                    to="/contacts"
                  >
                    Add Contacts
                  </Link>
                </button>
              </article>
            </section>,
          ],
        },
        "ref": null,
        "rendered": Array [
          Object {
            "instance": null,
            "key": null,
            "nodeType": "host",
            "props": Object {
              "children": Array [
                <h3
                  className="emergency-title"
                >
                  Emergency
                </h3>,
                <button
                  className="emergency-btn"
                  onClick={[Function]}
                >
                  TEXT 911
                </button>,
              ],
              "className": "emergency-section",
            },
            "ref": null,
            "rendered": Array [
              Object {
                "instance": null,
                "key": null,
                "nodeType": "host",
                "props": Object {
                  "children": "Emergency",
                  "className": "emergency-title",
                },
                "ref": null,
                "rendered": "Emergency",
                "type": "h3",
              },
              Object {
                "instance": null,
                "key": null,
                "nodeType": "host",
                "props": Object {
                  "children": "TEXT 911",
                  "className": "emergency-btn",
                  "onClick": [Function],
                },
                "ref": null,
                "rendered": "TEXT 911",
                "type": "button",
              },
            ],
            "type": "section",
          },
          Object {
            "instance": null,
            "key": null,
            "nodeType": "host",
            "props": Object {
              "children": Array [
                <h3
                  className="hotline-title"
                >
                  NDV Hotline
                </h3>,
                <button
                  className="hotline-btn"
                >
                  Call Hotline
                </button>,
              ],
              "className": "hotline-section",
            },
            "ref": null,
            "rendered": Array [
              Object {
                "instance": null,
                "key": null,
                "nodeType": "host",
                "props": Object {
                  "children": "NDV Hotline",
                  "className": "hotline-title",
                },
                "ref": null,
                "rendered": "NDV Hotline",
                "type": "h3",
              },
              Object {
                "instance": null,
                "key": null,
                "nodeType": "host",
                "props": Object {
                  "children": "Call Hotline",
                  "className": "hotline-btn",
                },
                "ref": null,
                "rendered": "Call Hotline",
                "type": "button",
              },
            ],
            "type": "section",
          },
          Object {
            "instance": null,
            "key": null,
            "nodeType": "host",
            "props": Object {
              "children": Array [
                <h3
                  className="section-title"
                >
                  Contacts
                </h3>,
                Array [],
                <article
                  className="no-contacts-card"
                >
                  <h4
                    className="no-contacts-text"
                  >
                    You don't have any contacts saved yet!
                  </h4>
                  <button
                    className="add-contacts-btn"
                  >
                    <Link
                      className="add-contacts-link"
                      replace={false}
                      to="/contacts"
                    >
                      Add Contacts
                    </Link>
                  </button>
                </article>,
              ],
              "className": "contacts-section",
            },
            "ref": null,
            "rendered": Array [
              Object {
                "instance": null,
                "key": null,
                "nodeType": "host",
                "props": Object {
                  "children": "Contacts",
                  "className": "section-title",
                },
                "ref": null,
                "rendered": "Contacts",
                "type": "h3",
              },
              Object {
                "instance": null,
                "key": null,
                "nodeType": "host",
                "props": Object {
                  "children": Array [
                    <h4
                      className="no-contacts-text"
                    >
                      You don't have any contacts saved yet!
                    </h4>,
                    <button
                      className="add-contacts-btn"
                    >
                      <Link
                        className="add-contacts-link"
                        replace={false}
                        to="/contacts"
                      >
                        Add Contacts
                      </Link>
                    </button>,
                  ],
                  "className": "no-contacts-card",
                },
                "ref": null,
                "rendered": Array [
                  Object {
                    "instance": null,
                    "key": null,
                    "nodeType": "host",
                    "props": Object {
                      "children": "You don't have any contacts saved yet!",
                      "className": "no-contacts-text",
                    },
                    "ref": null,
                    "rendered": "You don't have any contacts saved yet!",
                    "type": "h4",
                  },
                  Object {
                    "instance": null,
                    "key": null,
                    "nodeType": "host",
                    "props": Object {
                      "children": <Link
                        className="add-contacts-link"
                        replace={false}
                        to="/contacts"
                      >
                        Add Contacts
                      </Link>,
                      "className": "add-contacts-btn",
                    },
                    "ref": null,
                    "rendered": Object {
                      "instance": null,
                      "key": null,
                      "nodeType": "class",
                      "props": Object {
                        "children": "Add Contacts",
                        "className": "add-contacts-link",
                        "replace": false,
                        "to": "/contacts",
                      },
                      "ref": null,
                      "rendered": "Add Contacts",
                      "type": [Function],
                    },
                    "type": "button",
                  },
                ],
                "type": "article",
              },
            ],
            "type": "section",
          },
        ],
        "type": "main",
      },
      "type": "div",
    },
  ],
  Symbol(enzyme.__options__): Object {
    "adapter": ReactSixteenAdapter {
      "options": Object {
        "enableComponentDidUpdateOnSetState": true,
      },
    },
  },
}
`;
