// Jest Snapshot v1, https://goo.gl/fbAQLP

exports[`<App /> should match snapshot 1`] = `
ShallowWrapper {
  "length": 1,
  Symbol(enzyme.__root__): [Circular],
  Symbol(enzyme.__unrendered__): <App
    currentUser="Amy"
  />,
  Symbol(enzyme.__renderer__): Object {
    "batchedUpdates": [Function],
    "getNode": [Function],
    "render": [Function],
    "simulateEvent": [Function],
    "unmount": [Function],
  },
  Symbol(enzyme.__node__): Object {
    "instance": null,
    "key": null,
    "nodeType": "host",
    "props": Object {
      "children": Array [
        <nav
          className="nav-bar"
        >
          <h1
            className="cover-title"
          >
            <Link
              className="nav-bar-brand-link"
              replace={false}
              to="/main"
            >
              Cover
            </Link>
          </h1>
          <ul
            className="nav-menu"
          >
            <button
              className="hamburger"
              onClick={[Function]}
            />
            <li
              className="nav-item-li"
            >
              <Link
                className="nav-item"
                replace={false}
                to="/main"
              >
                Home
              </Link>
            </li>
            <li
              className="nav-item-li"
            >
              <Link
                className="nav-item"
                replace={false}
                to="/contacts"
              >
                Contacts
              </Link>
            </li>
            <button
              className="sign-out"
              onClick={[Function]}
            >
              <Link
                className="sign-out-link"
                replace={false}
                to="/"
              >
                Sign Out
              </Link>
            </button>
          </ul>
        </nav>,
        <button
          className="exit"
        >
          <a
            className="google-link"
            href="https://weather.com/"
          >
            EXIT
          </a>
        </button>,
      ],
      "className": "app-container",
    },
    "ref": null,
    "rendered": Array [
      Object {
        "instance": null,
        "key": null,
        "nodeType": "host",
        "props": Object {
          "children": Array [
            <h1
              className="cover-title"
            >
              <Link
                className="nav-bar-brand-link"
                replace={false}
                to="/main"
              >
                Cover
              </Link>
            </h1>,
            <ul
              className="nav-menu"
            >
              <button
                className="hamburger"
                onClick={[Function]}
              />
              <li
                className="nav-item-li"
              >
                <Link
                  className="nav-item"
                  replace={false}
                  to="/main"
                >
                  Home
                </Link>
              </li>
              <li
                className="nav-item-li"
              >
                <Link
                  className="nav-item"
                  replace={false}
                  to="/contacts"
                >
                  Contacts
                </Link>
              </li>
              <button
                className="sign-out"
                onClick={[Function]}
              >
                <Link
                  className="sign-out-link"
                  replace={false}
                  to="/"
                >
                  Sign Out
                </Link>
              </button>
            </ul>,
          ],
          "className": "nav-bar",
        },
        "ref": null,
        "rendered": Array [
          Object {
            "instance": null,
            "key": null,
            "nodeType": "host",
            "props": Object {
              "children": <Link
                className="nav-bar-brand-link"
                replace={false}
                to="/main"
              >
                Cover
              </Link>,
              "className": "cover-title",
            },
            "ref": null,
            "rendered": Object {
              "instance": null,
              "key": null,
              "nodeType": "class",
              "props": Object {
                "children": "Cover",
                "className": "nav-bar-brand-link",
                "replace": false,
                "to": "/main",
              },
              "ref": null,
              "rendered": "Cover",
              "type": [Function],
            },
            "type": "h1",
          },
          Object {
            "instance": null,
            "key": null,
            "nodeType": "host",
            "props": Object {
              "children": Array [
                <button
                  className="hamburger"
                  onClick={[Function]}
                />,
                <li
                  className="nav-item-li"
                >
                  <Link
                    className="nav-item"
                    replace={false}
                    to="/main"
                  >
                    Home
                  </Link>
                </li>,
                <li
                  className="nav-item-li"
                >
                  <Link
                    className="nav-item"
                    replace={false}
                    to="/contacts"
                  >
                    Contacts
                  </Link>
                </li>,
                <button
                  className="sign-out"
                  onClick={[Function]}
                >
                  <Link
                    className="sign-out-link"
                    replace={false}
                    to="/"
                  >
                    Sign Out
                  </Link>
                </button>,
              ],
              "className": "nav-menu",
            },
            "ref": null,
            "rendered": Array [
              Object {
                "instance": null,
                "key": null,
                "nodeType": "host",
                "props": Object {
                  "className": "hamburger",
                  "onClick": [Function],
                },
                "ref": null,
                "rendered": null,
                "type": "button",
              },
              Object {
                "instance": null,
                "key": null,
                "nodeType": "host",
                "props": Object {
                  "children": <Link
                    className="nav-item"
                    replace={false}
                    to="/main"
                  >
                    Home
                  </Link>,
                  "className": "nav-item-li",
                },
                "ref": null,
                "rendered": Object {
                  "instance": null,
                  "key": null,
                  "nodeType": "class",
                  "props": Object {
                    "children": "Home",
                    "className": "nav-item",
                    "replace": false,
                    "to": "/main",
                  },
                  "ref": null,
                  "rendered": "Home",
                  "type": [Function],
                },
                "type": "li",
              },
              Object {
                "instance": null,
                "key": null,
                "nodeType": "host",
                "props": Object {
                  "children": <Link
                    className="nav-item"
                    replace={false}
                    to="/contacts"
                  >
                    Contacts
                  </Link>,
                  "className": "nav-item-li",
                },
                "ref": null,
                "rendered": Object {
                  "instance": null,
                  "key": null,
                  "nodeType": "class",
                  "props": Object {
                    "children": "Contacts",
                    "className": "nav-item",
                    "replace": false,
                    "to": "/contacts",
                  },
                  "ref": null,
                  "rendered": "Contacts",
                  "type": [Function],
                },
                "type": "li",
              },
              Object {
                "instance": null,
                "key": null,
                "nodeType": "host",
                "props": Object {
                  "children": <Link
                    className="sign-out-link"
                    replace={false}
                    to="/"
                  >
                    Sign Out
                  </Link>,
                  "className": "sign-out",
                  "onClick": [Function],
                },
                "ref": null,
                "rendered": Object {
                  "instance": null,
                  "key": null,
                  "nodeType": "class",
                  "props": Object {
                    "children": "Sign Out",
                    "className": "sign-out-link",
                    "replace": false,
                    "to": "/",
                  },
                  "ref": null,
                  "rendered": "Sign Out",
                  "type": [Function],
                },
                "type": "button",
              },
            ],
            "type": "ul",
          },
        ],
        "type": "nav",
      },
      Object {
        "instance": null,
        "key": null,
        "nodeType": "host",
        "props": Object {
          "children": <a
            className="google-link"
            href="https://weather.com/"
          >
            EXIT
          </a>,
          "className": "exit",
        },
        "ref": null,
        "rendered": Object {
          "instance": null,
          "key": null,
          "nodeType": "host",
          "props": Object {
            "children": "EXIT",
            "className": "google-link",
            "href": "https://weather.com/",
          },
          "ref": null,
          "rendered": "EXIT",
          "type": "a",
        },
        "type": "button",
      },
    ],
    "type": "div",
  },
  Symbol(enzyme.__nodes__): Array [
    Object {
      "instance": null,
      "key": null,
      "nodeType": "host",
      "props": Object {
        "children": Array [
          <nav
            className="nav-bar"
          >
            <h1
              className="cover-title"
            >
              <Link
                className="nav-bar-brand-link"
                replace={false}
                to="/main"
              >
                Cover
              </Link>
            </h1>
            <ul
              className="nav-menu"
            >
              <button
                className="hamburger"
                onClick={[Function]}
              />
              <li
                className="nav-item-li"
              >
                <Link
                  className="nav-item"
                  replace={false}
                  to="/main"
                >
                  Home
                </Link>
              </li>
              <li
                className="nav-item-li"
              >
                <Link
                  className="nav-item"
                  replace={false}
                  to="/contacts"
                >
                  Contacts
                </Link>
              </li>
              <button
                className="sign-out"
                onClick={[Function]}
              >
                <Link
                  className="sign-out-link"
                  replace={false}
                  to="/"
                >
                  Sign Out
                </Link>
              </button>
            </ul>
          </nav>,
          <button
            className="exit"
          >
            <a
              className="google-link"
              href="https://weather.com/"
            >
              EXIT
            </a>
          </button>,
        ],
        "className": "app-container",
      },
      "ref": null,
      "rendered": Array [
        Object {
          "instance": null,
          "key": null,
          "nodeType": "host",
          "props": Object {
            "children": Array [
              <h1
                className="cover-title"
              >
                <Link
                  className="nav-bar-brand-link"
                  replace={false}
                  to="/main"
                >
                  Cover
                </Link>
              </h1>,
              <ul
                className="nav-menu"
              >
                <button
                  className="hamburger"
                  onClick={[Function]}
                />
                <li
                  className="nav-item-li"
                >
                  <Link
                    className="nav-item"
                    replace={false}
                    to="/main"
                  >
                    Home
                  </Link>
                </li>
                <li
                  className="nav-item-li"
                >
                  <Link
                    className="nav-item"
                    replace={false}
                    to="/contacts"
                  >
                    Contacts
                  </Link>
                </li>
                <button
                  className="sign-out"
                  onClick={[Function]}
                >
                  <Link
                    className="sign-out-link"
                    replace={false}
                    to="/"
                  >
                    Sign Out
                  </Link>
                </button>
              </ul>,
            ],
            "className": "nav-bar",
          },
          "ref": null,
          "rendered": Array [
            Object {
              "instance": null,
              "key": null,
              "nodeType": "host",
              "props": Object {
                "children": <Link
                  className="nav-bar-brand-link"
                  replace={false}
                  to="/main"
                >
                  Cover
                </Link>,
                "className": "cover-title",
              },
              "ref": null,
              "rendered": Object {
                "instance": null,
                "key": null,
                "nodeType": "class",
                "props": Object {
                  "children": "Cover",
                  "className": "nav-bar-brand-link",
                  "replace": false,
                  "to": "/main",
                },
                "ref": null,
                "rendered": "Cover",
                "type": [Function],
              },
              "type": "h1",
            },
            Object {
              "instance": null,
              "key": null,
              "nodeType": "host",
              "props": Object {
                "children": Array [
                  <button
                    className="hamburger"
                    onClick={[Function]}
                  />,
                  <li
                    className="nav-item-li"
                  >
                    <Link
                      className="nav-item"
                      replace={false}
                      to="/main"
                    >
                      Home
                    </Link>
                  </li>,
                  <li
                    className="nav-item-li"
                  >
                    <Link
                      className="nav-item"
                      replace={false}
                      to="/contacts"
                    >
                      Contacts
                    </Link>
                  </li>,
                  <button
                    className="sign-out"
                    onClick={[Function]}
                  >
                    <Link
                      className="sign-out-link"
                      replace={false}
                      to="/"
                    >
                      Sign Out
                    </Link>
                  </button>,
                ],
                "className": "nav-menu",
              },
              "ref": null,
              "rendered": Array [
                Object {
                  "instance": null,
                  "key": null,
                  "nodeType": "host",
                  "props": Object {
                    "className": "hamburger",
                    "onClick": [Function],
                  },
                  "ref": null,
                  "rendered": null,
                  "type": "button",
                },
                Object {
                  "instance": null,
                  "key": null,
                  "nodeType": "host",
                  "props": Object {
                    "children": <Link
                      className="nav-item"
                      replace={false}
                      to="/main"
                    >
                      Home
                    </Link>,
                    "className": "nav-item-li",
                  },
                  "ref": null,
                  "rendered": Object {
                    "instance": null,
                    "key": null,
                    "nodeType": "class",
                    "props": Object {
                      "children": "Home",
                      "className": "nav-item",
                      "replace": false,
                      "to": "/main",
                    },
                    "ref": null,
                    "rendered": "Home",
                    "type": [Function],
                  },
                  "type": "li",
                },
                Object {
                  "instance": null,
                  "key": null,
                  "nodeType": "host",
                  "props": Object {
                    "children": <Link
                      className="nav-item"
                      replace={false}
                      to="/contacts"
                    >
                      Contacts
                    </Link>,
                    "className": "nav-item-li",
                  },
                  "ref": null,
                  "rendered": Object {
                    "instance": null,
                    "key": null,
                    "nodeType": "class",
                    "props": Object {
                      "children": "Contacts",
                      "className": "nav-item",
                      "replace": false,
                      "to": "/contacts",
                    },
                    "ref": null,
                    "rendered": "Contacts",
                    "type": [Function],
                  },
                  "type": "li",
                },
                Object {
                  "instance": null,
                  "key": null,
                  "nodeType": "host",
                  "props": Object {
                    "children": <Link
                      className="sign-out-link"
                      replace={false}
                      to="/"
                    >
                      Sign Out
                    </Link>,
                    "className": "sign-out",
                    "onClick": [Function],
                  },
                  "ref": null,
                  "rendered": Object {
                    "instance": null,
                    "key": null,
                    "nodeType": "class",
                    "props": Object {
                      "children": "Sign Out",
                      "className": "sign-out-link",
                      "replace": false,
                      "to": "/",
                    },
                    "ref": null,
                    "rendered": "Sign Out",
                    "type": [Function],
                  },
                  "type": "button",
                },
              ],
              "type": "ul",
            },
          ],
          "type": "nav",
        },
        Object {
          "instance": null,
          "key": null,
          "nodeType": "host",
          "props": Object {
            "children": <a
              className="google-link"
              href="https://weather.com/"
            >
              EXIT
            </a>,
            "className": "exit",
          },
          "ref": null,
          "rendered": Object {
            "instance": null,
            "key": null,
            "nodeType": "host",
            "props": Object {
              "children": "EXIT",
              "className": "google-link",
              "href": "https://weather.com/",
            },
            "ref": null,
            "rendered": "EXIT",
            "type": "a",
          },
          "type": "button",
        },
      ],
      "type": "div",
    },
  ],
  Symbol(enzyme.__options__): Object {
    "adapter": ReactSixteenAdapter {
      "options": Object {
        "enableComponentDidUpdateOnSetState": true,
      },
    },
  },
}
`;
